// Jest Snapshot v1, https://goo.gl/fbAQLP

exports[`Test Info 1`] = `null`;

exports[`Test Info with UID 1`] = `
<div>
  <header
    className="header"
  >
    <a
      href="/"
      onClick={[Function]}
    >
      <img
        className="logo"
        src="test-file-stub"
      />
    </a>
    <div>
      <button
        className="hamburger-button"
        onClick={[Function]}
      >
        <div
          className="hamburger-line"
        />
        <div
          className="hamburger-line"
        />
        <div
          className="hamburger-line"
        />
      </button>
      <div />
    </div>
  </header>
  <div
    className="main-info"
  >
    <div
      className="backgroundSignUpRedirectBox"
    >
      <div
        className="signUpRedirectBox"
      >
        <div
          className="signUpRedirectBoxDetails"
        >
          <img
            className="love-match"
            src="test-file-stub"
          />
          <p>
            歡迎來到 Healthy Match！
          </p>
          <span>
            開始使用前，
            <br />
            請將基本資料填寫完畢，以利營養紀錄更準確喔！
            <br />
            也順便幫你的麻吉取個動聽的名字吧～～～
          </span>
        </div>
         
        <button
          onClick={[Function]}
        >
          <span>
            我知道了！
          </span>
        </button>
      </div>
    </div>
    <div
      className="more-info"
    >
      <div
        className="more-info-basic"
      >
        <div
          className="titleTitle"
        >
          <div
            className="titlewords"
          >
            用戶資料
          </div>
          <div
            className="divideLine"
          />
          <img
            className="basicInfoEdit"
            onClick={[Function]}
            src="/test-file-stub"
          />
        </div>
        <div
          className="userName"
        >
          <div>
            用戶姓名
          </div>
          <input
            disabled="disabled"
            name="Name"
            onChange={[Function]}
            placeholder="輸入姓名"
          />
        </div>
        <div
          className="userEmail"
        >
          <div>
            用戶信箱
          </div>
          <input
            disabled="disabled"
            name="Email"
            onChange={[Function]}
            placeholder="輸入信箱"
          />
        </div>
        <div
          className="userAge"
        >
          <div>
            用戶年齡
          </div>
          <input
            disabled="disabled"
            name="Age"
            onChange={[Function]}
            placeholder="輸入年齡"
          />
          歲
        </div>
        <div
          className="userSexual"
        >
          <div>
            用戶性別
          </div>
          <input
            disabled="disabled"
            name="Sexual"
            onChange={[Function]}
            placeholder="輸入性別"
          />
        </div>
        <div
          className="userHeight"
        >
          <div>
            用戶身高
          </div>
          <input
            disabled="disabled"
            name="Height"
            onChange={[Function]}
            placeholder="輸入身高"
          />
          公分
        </div>
        <div
          className="userWeight"
        >
          <div>
            用戶體重
          </div>
          <input
            disabled="disabled"
            name="Weight"
            onChange={[Function]}
            placeholder="輸入體重"
          />
          公斤
        </div>
        <div
          className="userMatchName"
        >
          <div>
            麻吉名字
          </div>
          <input
            disabled="disabled"
            name="MatchName"
            onChange={[Function]}
            placeholder="輸入麻吉名字"
          />
        </div>
        <div
          className="userMatchPic"
        >
          <div>
            麻吉照片
          </div>
          <img
            className="ChefMatch2"
          />
        </div>
      </div>
      <div
        className="more-info-match"
      >
        <div
          className="more-info-match"
        >
          <div
            className="titleTitle"
          >
            <div
              className="titlewords"
            >
              營養素貢獻紀錄
            </div>
            <div
              className="divideLine"
            />
          </div>
          <div
            className="userMatchName"
          >
            <div>
              目前尚未有紀錄
            </div>
          </div>
        </div>
      </div>
    </div>
  </div>
</div>
`;
